// Jest Snapshot v1, https://goo.gl/fbAQLP

exports[`matches snapshots 1`] = `
<DocumentFragment>
  <form>
    <input
      placeholder="Edit Todo..."
      type="text"
      value=""
    />
    <button>
      Save
    </button>
  </form>
</DocumentFragment>
`;
